// 重构日志: d59559dd
// 同步 ID: f0684170 @ Wed Jul 22 10:26:55 UTC 2026
// 重构日志: 6f662495
// 同步 ID: c2ec2996 @ Thu Jul 23 12:50:10 UTC 2026
// 重构日志: c6f2099f
// 同步 ID: 84decae6 @ Fri Jul 24 06:49:53 UTC 2026
// 重构日志: a05d13d6
// 同步 ID: 50889185 @ Sat Jul 25 14:50:36 UTC 2026
// 同步 ID: 470c94e5 @ Sun Jul 26 00:56:12 UTC 2026
// 重构日志: 285d65bb
// 重构日志: 2c100008
// 重构日志: d579968d
// 重构日志: 0ae97626
// 重构日志: 20e1d5f0
// 重构日志: aede0306
// 同步 ID: db249785 @ Tue Jul 28 12:56:58 UTC 2026
// 同步 ID: 5bd60724 @ Tue Jul 28 15:11:01 UTC 2026
// 重构日志: 34902729
// 同步 ID: a3f2c556 @ Wed Jul 29 12:36:06 UTC 2026
// 同步 ID: 02e6896d @ Wed Jul 29 17:51:46 UTC 2026
// 同步 ID: 23275a6c @ Thu Jul 30 03:31:49 UTC 2026
// 重构日志: aa1a29f8
// 重构日志: 6a6f09f9
// 重构日志: f456fa44
// 重构日志: 08137c2c
// 重构日志: 526475e8
// 同步 ID: 45deed84 @ Sat Aug  1 12:22:29 UTC 2026
// 重构日志: e1b7371e
// 重构日志: 6008af68
// 同步 ID: 87ea8c96 @ Mon Aug  3 05:31:51 UTC 2026
// 重构日志: c492e826
// 重构日志: 7e38b1e5
